
=== Wed Mar  5 10:53:29 2025

Packages were changed.
Update Mode: updateDependencies

The following packages were added:
  com.unity.multiplayer.center@1.0.0
The following packages were updated:
  com.unity.cinemachine from version 2.10.1 to 2.10.3
  com.unity.collab-proxy from version 2.4.4 to 2.5.2
  com.unity.inputsystem from version 1.9.0 to 1.11.2
  com.unity.visualscripting from version 1.9.4 to 1.9.5

=== Sun Dec 21 22:57:13 2025

Packages were changed.
Update Mode: updateDependencies

The following packages were updated:
  com.unity.cinemachine from version 2.10.3 to 2.10.4
  com.unity.collab-proxy from version 2.5.2 to 2.9.3
  com.unity.ide.rider from version 3.0.31 to 3.0.38
  com.unity.ide.visualstudio from version 2.0.22 to 2.0.23
  com.unity.inputsystem from version 1.11.2 to 1.14.2
  com.unity.render-pipelines.universal from version 17.0.3 to 17.0.4
  com.unity.test-framework from version 1.4.5 to 1.6.0
  com.unity.timeline from version 1.8.7 to 1.8.9
  com.unity.visualscripting from version 1.9.5 to 1.9.7
